\BOOKMARK [1][-]{section.1}{\376\377\230\204\131\007\167\345\213\306}{}% 1
\BOOKMARK [1][-]{section.2}{\376\377\000S\000o\000l\000o\000w\000\040\152\041\127\213}{}% 2
\BOOKMARK [2][-]{subsection.2.1}{\376\377\120\107\213\276}{section.2}% 3
\BOOKMARK [2][-]{subsection.2.2}{\376\377\127\107\210\141\162\266\140\001}{section.2}% 4
\BOOKMARK [2][-]{subsection.2.3}{\376\377\153\324\217\203\227\131\140\001\122\006\147\220}{section.2}% 5
\BOOKMARK [1][-]{section.3}{\376\377\000R\000a\000m\000s\000e\000y\040\023\000C\000a\000s\000s\040\023\000K\000o\000o\000p\000m\000a\000n\000s\000\040\152\041\127\213}{}% 6
\BOOKMARK [2][-]{subsection.3.1}{\376\377\120\107\213\276}{section.3}% 7
\BOOKMARK [2][-]{subsection.3.2}{\376\377\136\002\127\072\127\107\210\141}{section.3}% 8
\BOOKMARK [2][-]{subsection.3.3}{\376\377\127\107\210\141\221\115\177\156}{section.3}% 9
\BOOKMARK [2][-]{subsection.3.4}{\376\377\166\370\126\376\116\055\166\204\122\250\140\001\133\146}{section.3}% 10
\BOOKMARK [1][-]{section.4}{\376\377\000D\000i\000a\000m\000o\000n\000d\000\040\000o\000v\000e\000r\000l\000a\000p\000p\000i\000n\000g\000-\000g\000e\000n\000e\000r\000a\000t\000i\000o\000n\000s\000\040\152\041\127\213}{}% 11
\BOOKMARK [2][-]{subsection.4.1}{\376\377\120\107\213\276}{section.4}% 12
\BOOKMARK [2][-]{subsection.4.2}{\376\377\136\002\127\072\127\107\210\141}{section.4}% 13
\BOOKMARK [2][-]{subsection.4.3}{\376\377\122\250\140\001\145\340\145\110\163\207}{section.4}% 14
\BOOKMARK [2][-]{subsection.4.4}{\376\377\171\076\117\032\213\241\122\022\200\005}{section.4}% 15
\BOOKMARK [1][-]{section.5}{\376\377\000A\000K\000-\000R\000a\000m\000s\000e\000y}{}% 16
\BOOKMARK [2][-]{subsection.5.1}{\376\377\120\107\213\276}{section.5}% 17
\BOOKMARK [2][-]{subsection.5.2}{\376\377\136\002\127\072\127\107\210\141}{section.5}% 18
\BOOKMARK [2][-]{subsection.5.3}{\376\377\127\107\210\141\221\115\177\156}{section.5}% 19
\BOOKMARK [2][-]{subsection.5.4}{\376\377\120\250\204\304\163\207}{section.5}% 20
\BOOKMARK [2][-]{subsection.5.5}{\376\377\145\077\173\126\145\110\136\224}{section.5}% 21
\BOOKMARK [1][-]{section.6}{\376\377\000A\000K\000-\000R\000o\000m\000e\000r}{}% 22
\BOOKMARK [2][-]{subsection.6.1}{\376\377\120\107\213\276}{section.6}% 23
\BOOKMARK [2][-]{subsection.6.2}{\376\377\136\002\127\072\127\107\210\141}{section.6}% 24
\BOOKMARK [2][-]{subsection.6.3}{\376\377\171\217\122\051\122\006\147\220}{section.6}% 25
\BOOKMARK [1][-]{section.7}{\376\377\171\315\174\173\142\151\137\040\152\041\127\213}{}% 26
\BOOKMARK [2][-]{subsection.7.1}{\376\377\120\107\213\276}{section.7}% 27
\BOOKMARK [2][-]{subsection.7.2}{\376\377\136\002\127\072\127\107\210\141}{section.7}% 28
\BOOKMARK [2][-]{subsection.7.3}{\376\377\171\076\117\032\213\241\122\022\200\005}{section.7}% 29
\BOOKMARK [2][-]{subsection.7.4}{\376\377\145\077\173\126\145\110\136\224}{section.7}% 30
\BOOKMARK [1][-]{section.8}{\376\377\215\050\221\317\226\066\150\257\152\041\127\213}{}% 31
\BOOKMARK [2][-]{subsection.8.1}{\376\377\120\107\213\276}{section.8}% 32
\BOOKMARK [2][-]{subsection.8.2}{\376\377\136\002\127\072\127\107\210\141}{section.8}% 33
\BOOKMARK [2][-]{subsection.8.3}{\376\377\171\076\117\032\213\241\122\022\200\005}{section.8}% 34
\BOOKMARK [2][-]{subsection.8.4}{\376\377\145\077\173\126\145\110\136\224}{section.8}% 35
